
§
c1ù
c1	
12345

12345	
12345

23456	
23456
34567	
34567
45678	
45678
56789	
56789
67890	
67890#"	
12345
"	
45678
r
c2l
c2	
23456
12345	
12345

34567	
34567
56789	
56789"	
12345
"	
34567"	
56789

c3y
c3	
34567
12345	
12345

45678	
45678"	
12345
"	
23456"	
34567"	
45678"	
56789"	
67890#